C51 COMPILER V9.60.0.0   EXAMPLE1                                                          04/30/2020 23:01:57 PAGE 1   


C51 COMPILER V9.60.0.0, COMPILATION OF MODULE EXAMPLE1
OBJECT MODULE PLACED IN .\Objects\Example1.obj
COMPILER INVOKED BY: C:\Keil_v5\C51\BIN\C51.EXE Example1.c OPTIMIZE(8,SPEED) BROWSE DEBUG OBJECTEXTEND PRINT(.\Listings\
                    -Example1.lst) TABS(2) OBJECT(.\Objects\Example1.obj)

line level    source

   1          #include<reg51.h>
   2          sbit r1=P0^3; // keyboard's top row
   3          sbit c1=P0^6; // keyboard's first column (right to left)
   4          sbit c2=P0^5; // keyboard's second column (right to left)
   5          
   6          void main()
   7          {
   8   1      //The segment codes for three possible conditions
   9   1      // 0xF0 - 00001111 -> Turn LEDs 0-3 on
  10   1      // 0x0F - 11110000 -> Turn LEDs 4-7 on
  11   1      // 0x00 - 11110000 -> Turn all LEDs on
  12   1      // 0xFF - 11111111 -> Turn all LEDs off
  13   1      char seg_code[]={0xF0, 0x0F, 0x00, 0xFF};
  14   1      // Start infinite loop
  15   1      while(1)
  16   1      {
  17   2      r1=0;
  18   2      c1=1;
  19   2      c2=1;
  20   2      if (r1==0 && c1== 0 && c2 == 1) // Key 1 is pressed
  21   2      {
  22   3      P1 = seg_code[0]; 
  23   3      }
  24   2      else if (r1==0 && c1== 1 && c2 == 0) // Key 2 is pressed
  25   2      {
  26   3      P1 = seg_code[1]; 
  27   3      }
  28   2      else if (r1==0 && c1== 0 && c2 == 0) // Both of the keys are pressed
  29   2      {
  30   3      P1 = seg_code[2]; 
  31   3      }
  32   2      else { // None of the keys are pressed
  33   3      P1 = seg_code[3]; 
  34   3      }
  35   2      }
  36   1      }


MODULE INFORMATION:   STATIC OVERLAYABLE
   CODE SIZE        =     72    ----
   CONSTANT SIZE    =      4    ----
   XDATA SIZE       =   ----    ----
   PDATA SIZE       =   ----    ----
   DATA SIZE        =   ----       4
   IDATA SIZE       =   ----    ----
   BIT SIZE         =   ----    ----
END OF MODULE INFORMATION.


C51 COMPILATION COMPLETE.  0 WARNING(S),  0 ERROR(S)
